2025-05-18 00:25:36.633 [background-preinit] INFO  o.h.validator.internal.util.Version - HV000001: Hibernate Validator 8.0.2.Final
2025-05-18 00:25:36.723 [main] INFO  c.f.FranquiciasApiApplication - Starting FranquiciasApiApplication using Java 21.0.7 with PID 22728 (C:\Repos2\franquicias-api\target\classes started by pipea in C:\Repos2\franquicias-api)
2025-05-18 00:25:36.723 [main] DEBUG c.f.FranquiciasApiApplication - Running with Spring Boot v3.4.5, Spring v6.2.6
2025-05-18 00:25:36.724 [main] INFO  c.f.FranquiciasApiApplication - No active profile set, falling back to 1 default profile: "default"
2025-05-18 00:25:37.366 [main] INFO  o.s.d.r.c.RepositoryConfigurationDelegate - Bootstrapping Spring Data Reactive MongoDB repositories in DEFAULT mode.
2025-05-18 00:25:37.499 [main] INFO  o.s.d.r.c.RepositoryConfigurationDelegate - Finished Spring Data repository scanning in 127 ms. Found 1 Reactive MongoDB repository interface.
2025-05-18 00:25:37.892 [main] WARN  o.s.b.w.r.c.AnnotationConfigReactiveWebServerApplicationContext - Exception encountered during context initialization - cancelling refresh attempt: org.springframework.beans.factory.UnsatisfiedDependencyException: Error creating bean with name 'franchiseController' defined in file [C:\Repos2\franquicias-api\target\classes\com\franquicias\api\FranchiseController.class]: Unsatisfied dependency expressed through constructor parameter 0: Error creating bean with name 'franchiseService' defined in file [C:\Repos2\franquicias-api\target\classes\com\franquicias\domain\service\FranchiseService.class]: Unsatisfied dependency expressed through constructor parameter 0: Error creating bean with name 'franchiseReactiveRepository' defined in com.franquicias.infrastructure.db.FranchiseReactiveRepository defined in @EnableReactiveMongoRepositories declared on MongoReactiveRepositoriesRegistrar.EnableReactiveMongoRepositoriesConfiguration: Cannot resolve reference to bean 'reactiveMongoTemplate' while setting bean property 'reactiveMongoOperations'
2025-05-18 00:25:37.898 [main] INFO  o.s.b.a.l.ConditionEvaluationReportLogger - 

Error starting ApplicationContext. To display the condition evaluation report re-run your application with 'debug' enabled.
2025-05-18 00:25:37.917 [main] ERROR o.s.boot.SpringApplication - Application run failed
org.springframework.beans.factory.UnsatisfiedDependencyException: Error creating bean with name 'franchiseController' defined in file [C:\Repos2\franquicias-api\target\classes\com\franquicias\api\FranchiseController.class]: Unsatisfied dependency expressed through constructor parameter 0: Error creating bean with name 'franchiseService' defined in file [C:\Repos2\franquicias-api\target\classes\com\franquicias\domain\service\FranchiseService.class]: Unsatisfied dependency expressed through constructor parameter 0: Error creating bean with name 'franchiseReactiveRepository' defined in com.franquicias.infrastructure.db.FranchiseReactiveRepository defined in @EnableReactiveMongoRepositories declared on MongoReactiveRepositoriesRegistrar.EnableReactiveMongoRepositoriesConfiguration: Cannot resolve reference to bean 'reactiveMongoTemplate' while setting bean property 'reactiveMongoOperations'
	at org.springframework.beans.factory.support.ConstructorResolver.createArgumentArray(ConstructorResolver.java:804)
	at org.springframework.beans.factory.support.ConstructorResolver.autowireConstructor(ConstructorResolver.java:240)
	at org.springframework.beans.factory.support.AbstractAutowireCapableBeanFactory.autowireConstructor(AbstractAutowireCapableBeanFactory.java:1387)
	at org.springframework.beans.factory.support.AbstractAutowireCapableBeanFactory.createBeanInstance(AbstractAutowireCapableBeanFactory.java:1224)
	at org.springframework.beans.factory.support.AbstractAutowireCapableBeanFactory.doCreateBean(AbstractAutowireCapableBeanFactory.java:569)
	at org.springframework.beans.factory.support.AbstractAutowireCapableBeanFactory.createBean(AbstractAutowireCapableBeanFactory.java:529)
	at org.springframework.beans.factory.support.AbstractBeanFactory.lambda$doGetBean$0(AbstractBeanFactory.java:339)
	at org.springframework.beans.factory.support.DefaultSingletonBeanRegistry.getSingleton(DefaultSingletonBeanRegistry.java:371)
	at org.springframework.beans.factory.support.AbstractBeanFactory.doGetBean(AbstractBeanFactory.java:337)
	at org.springframework.beans.factory.support.AbstractBeanFactory.getBean(AbstractBeanFactory.java:202)
	at org.springframework.beans.factory.support.DefaultListableBeanFactory.instantiateSingleton(DefaultListableBeanFactory.java:1221)
	at org.springframework.beans.factory.support.DefaultListableBeanFactory.preInstantiateSingleton(DefaultListableBeanFactory.java:1187)
	at org.springframework.beans.factory.support.DefaultListableBeanFactory.preInstantiateSingletons(DefaultListableBeanFactory.java:1122)
	at org.springframework.context.support.AbstractApplicationContext.finishBeanFactoryInitialization(AbstractApplicationContext.java:987)
	at org.springframework.context.support.AbstractApplicationContext.refresh(AbstractApplicationContext.java:627)
	at org.springframework.boot.web.reactive.context.ReactiveWebServerApplicationContext.refresh(ReactiveWebServerApplicationContext.java:66)
	at org.springframework.boot.SpringApplication.refresh(SpringApplication.java:753)
	at org.springframework.boot.SpringApplication.refreshContext(SpringApplication.java:439)
	at org.springframework.boot.SpringApplication.run(SpringApplication.java:318)
	at org.springframework.boot.SpringApplication.run(SpringApplication.java:1362)
	at org.springframework.boot.SpringApplication.run(SpringApplication.java:1351)
	at com.franquicias.FranquiciasApiApplication.main(FranquiciasApiApplication.java:9)
Caused by: org.springframework.beans.factory.UnsatisfiedDependencyException: Error creating bean with name 'franchiseService' defined in file [C:\Repos2\franquicias-api\target\classes\com\franquicias\domain\service\FranchiseService.class]: Unsatisfied dependency expressed through constructor parameter 0: Error creating bean with name 'franchiseReactiveRepository' defined in com.franquicias.infrastructure.db.FranchiseReactiveRepository defined in @EnableReactiveMongoRepositories declared on MongoReactiveRepositoriesRegistrar.EnableReactiveMongoRepositoriesConfiguration: Cannot resolve reference to bean 'reactiveMongoTemplate' while setting bean property 'reactiveMongoOperations'
	at org.springframework.beans.factory.support.ConstructorResolver.createArgumentArray(ConstructorResolver.java:804)
	at org.springframework.beans.factory.support.ConstructorResolver.autowireConstructor(ConstructorResolver.java:240)
	at org.springframework.beans.factory.support.AbstractAutowireCapableBeanFactory.autowireConstructor(AbstractAutowireCapableBeanFactory.java:1387)
	at org.springframework.beans.factory.support.AbstractAutowireCapableBeanFactory.createBeanInstance(AbstractAutowireCapableBeanFactory.java:1224)
	at org.springframework.beans.factory.support.AbstractAutowireCapableBeanFactory.doCreateBean(AbstractAutowireCapableBeanFactory.java:569)
	at org.springframework.beans.factory.support.AbstractAutowireCapableBeanFactory.createBean(AbstractAutowireCapableBeanFactory.java:529)
	at org.springframework.beans.factory.support.AbstractBeanFactory.lambda$doGetBean$0(AbstractBeanFactory.java:339)
	at org.springframework.beans.factory.support.DefaultSingletonBeanRegistry.getSingleton(DefaultSingletonBeanRegistry.java:371)
	at org.springframework.beans.factory.support.AbstractBeanFactory.doGetBean(AbstractBeanFactory.java:337)
	at org.springframework.beans.factory.support.AbstractBeanFactory.getBean(AbstractBeanFactory.java:202)
	at org.springframework.beans.factory.config.DependencyDescriptor.resolveCandidate(DependencyDescriptor.java:254)
	at org.springframework.beans.factory.support.DefaultListableBeanFactory.doResolveDependency(DefaultListableBeanFactory.java:1739)
	at org.springframework.beans.factory.support.DefaultListableBeanFactory.resolveDependency(DefaultListableBeanFactory.java:1627)
	at org.springframework.beans.factory.support.ConstructorResolver.resolveAutowiredArgument(ConstructorResolver.java:913)
	at org.springframework.beans.factory.support.ConstructorResolver.createArgumentArray(ConstructorResolver.java:791)
	... 21 common frames omitted
Caused by: org.springframework.beans.factory.BeanCreationException: Error creating bean with name 'franchiseReactiveRepository' defined in com.franquicias.infrastructure.db.FranchiseReactiveRepository defined in @EnableReactiveMongoRepositories declared on MongoReactiveRepositoriesRegistrar.EnableReactiveMongoRepositoriesConfiguration: Cannot resolve reference to bean 'reactiveMongoTemplate' while setting bean property 'reactiveMongoOperations'
	at org.springframework.beans.factory.support.BeanDefinitionValueResolver.resolveReference(BeanDefinitionValueResolver.java:377)
	at org.springframework.beans.factory.support.BeanDefinitionValueResolver.resolveValueIfNecessary(BeanDefinitionValueResolver.java:135)
	at org.springframework.beans.factory.support.AbstractAutowireCapableBeanFactory.applyPropertyValues(AbstractAutowireCapableBeanFactory.java:1717)
	at org.springframework.beans.factory.support.AbstractAutowireCapableBeanFactory.populateBean(AbstractAutowireCapableBeanFactory.java:1466)
	at org.springframework.beans.factory.support.AbstractAutowireCapableBeanFactory.doCreateBean(AbstractAutowireCapableBeanFactory.java:606)
	at org.springframework.beans.factory.support.AbstractAutowireCapableBeanFactory.createBean(AbstractAutowireCapableBeanFactory.java:529)
	at org.springframework.beans.factory.support.AbstractBeanFactory.lambda$doGetBean$0(AbstractBeanFactory.java:339)
	at org.springframework.beans.factory.support.DefaultSingletonBeanRegistry.getSingleton(DefaultSingletonBeanRegistry.java:371)
	at org.springframework.beans.factory.support.AbstractBeanFactory.doGetBean(AbstractBeanFactory.java:337)
	at org.springframework.beans.factory.support.AbstractBeanFactory.getBean(AbstractBeanFactory.java:202)
	at org.springframework.beans.factory.config.DependencyDescriptor.resolveCandidate(DependencyDescriptor.java:254)
	at org.springframework.beans.factory.support.DefaultListableBeanFactory.doResolveDependency(DefaultListableBeanFactory.java:1739)
	at org.springframework.beans.factory.support.DefaultListableBeanFactory.resolveDependency(DefaultListableBeanFactory.java:1627)
	at org.springframework.beans.factory.support.ConstructorResolver.resolveAutowiredArgument(ConstructorResolver.java:913)
	at org.springframework.beans.factory.support.ConstructorResolver.createArgumentArray(ConstructorResolver.java:791)
	... 35 common frames omitted
Caused by: org.springframework.beans.factory.UnsatisfiedDependencyException: Error creating bean with name 'reactiveMongoTemplate' defined in class path resource [org/springframework/boot/autoconfigure/data/mongo/MongoReactiveDataAutoConfiguration.class]: Unsatisfied dependency expressed through method 'reactiveMongoTemplate' parameter 0: Error creating bean with name 'reactiveMongoDatabaseFactory' defined in class path resource [org/springframework/boot/autoconfigure/data/mongo/MongoReactiveDataAutoConfiguration.class]: Unsatisfied dependency expressed through method 'reactiveMongoDatabaseFactory' parameter 0: Error creating bean with name 'reactiveStreamsMongoClient' defined in class path resource [org/springframework/boot/autoconfigure/mongo/MongoReactiveAutoConfiguration.class]: Failed to instantiate [com.mongodb.reactivestreams.client.MongoClient]: Factory method 'reactiveStreamsMongoClient' threw exception with message: Error creating bean with name 'standardMongoSettingsCustomizer' defined in class path resource [org/springframework/boot/autoconfigure/mongo/MongoReactiveAutoConfiguration$MongoClientSettingsConfiguration.class]: Failed to instantiate [org.springframework.boot.autoconfigure.mongo.StandardMongoClientSettingsBuilderCustomizer]: Factory method 'standardMongoSettingsCustomizer' threw exception with message: The connection string is invalid. Connection strings must start with either 'mongodb://' or 'mongodb+srv://
	at org.springframework.beans.factory.support.ConstructorResolver.createArgumentArray(ConstructorResolver.java:804)
	at org.springframework.beans.factory.support.ConstructorResolver.instantiateUsingFactoryMethod(ConstructorResolver.java:546)
	at org.springframework.beans.factory.support.AbstractAutowireCapableBeanFactory.instantiateUsingFactoryMethod(AbstractAutowireCapableBeanFactory.java:1367)
	at org.springframework.beans.factory.support.AbstractAutowireCapableBeanFactory.createBeanInstance(AbstractAutowireCapableBeanFactory.java:1197)
	at org.springframework.beans.factory.support.AbstractAutowireCapableBeanFactory.doCreateBean(AbstractAutowireCapableBeanFactory.java:569)
	at org.springframework.beans.factory.support.AbstractAutowireCapableBeanFactory.createBean(AbstractAutowireCapableBeanFactory.java:529)
	at org.springframework.beans.factory.support.AbstractBeanFactory.lambda$doGetBean$0(AbstractBeanFactory.java:339)
	at org.springframework.beans.factory.support.DefaultSingletonBeanRegistry.getSingleton(DefaultSingletonBeanRegistry.java:371)
	at org.springframework.beans.factory.support.AbstractBeanFactory.doGetBean(AbstractBeanFactory.java:337)
	at org.springframework.beans.factory.support.AbstractBeanFactory.getBean(AbstractBeanFactory.java:202)
	at org.springframework.beans.factory.support.BeanDefinitionValueResolver.resolveReference(BeanDefinitionValueResolver.java:365)
	... 49 common frames omitted
Caused by: org.springframework.beans.factory.UnsatisfiedDependencyException: Error creating bean with name 'reactiveMongoDatabaseFactory' defined in class path resource [org/springframework/boot/autoconfigure/data/mongo/MongoReactiveDataAutoConfiguration.class]: Unsatisfied dependency expressed through method 'reactiveMongoDatabaseFactory' parameter 0: Error creating bean with name 'reactiveStreamsMongoClient' defined in class path resource [org/springframework/boot/autoconfigure/mongo/MongoReactiveAutoConfiguration.class]: Failed to instantiate [com.mongodb.reactivestreams.client.MongoClient]: Factory method 'reactiveStreamsMongoClient' threw exception with message: Error creating bean with name 'standardMongoSettingsCustomizer' defined in class path resource [org/springframework/boot/autoconfigure/mongo/MongoReactiveAutoConfiguration$MongoClientSettingsConfiguration.class]: Failed to instantiate [org.springframework.boot.autoconfigure.mongo.StandardMongoClientSettingsBuilderCustomizer]: Factory method 'standardMongoSettingsCustomizer' threw exception with message: The connection string is invalid. Connection strings must start with either 'mongodb://' or 'mongodb+srv://
	at org.springframework.beans.factory.support.ConstructorResolver.createArgumentArray(ConstructorResolver.java:804)
	at org.springframework.beans.factory.support.ConstructorResolver.instantiateUsingFactoryMethod(ConstructorResolver.java:546)
	at org.springframework.beans.factory.support.AbstractAutowireCapableBeanFactory.instantiateUsingFactoryMethod(AbstractAutowireCapableBeanFactory.java:1367)
	at org.springframework.beans.factory.support.AbstractAutowireCapableBeanFactory.createBeanInstance(AbstractAutowireCapableBeanFactory.java:1197)
	at org.springframework.beans.factory.support.AbstractAutowireCapableBeanFactory.doCreateBean(AbstractAutowireCapableBeanFactory.java:569)
	at org.springframework.beans.factory.support.AbstractAutowireCapableBeanFactory.createBean(AbstractAutowireCapableBeanFactory.java:529)
	at org.springframework.beans.factory.support.AbstractBeanFactory.lambda$doGetBean$0(AbstractBeanFactory.java:339)
	at org.springframework.beans.factory.support.DefaultSingletonBeanRegistry.getSingleton(DefaultSingletonBeanRegistry.java:371)
	at org.springframework.beans.factory.support.AbstractBeanFactory.doGetBean(AbstractBeanFactory.java:337)
	at org.springframework.beans.factory.support.AbstractBeanFactory.getBean(AbstractBeanFactory.java:202)
	at org.springframework.beans.factory.support.DefaultListableBeanFactory.doResolveDependency(DefaultListableBeanFactory.java:1681)
	at org.springframework.beans.factory.support.DefaultListableBeanFactory.resolveDependency(DefaultListableBeanFactory.java:1627)
	at org.springframework.beans.factory.support.ConstructorResolver.resolveAutowiredArgument(ConstructorResolver.java:913)
	at org.springframework.beans.factory.support.ConstructorResolver.createArgumentArray(ConstructorResolver.java:791)
	... 59 common frames omitted
Caused by: org.springframework.beans.factory.BeanCreationException: Error creating bean with name 'reactiveStreamsMongoClient' defined in class path resource [org/springframework/boot/autoconfigure/mongo/MongoReactiveAutoConfiguration.class]: Failed to instantiate [com.mongodb.reactivestreams.client.MongoClient]: Factory method 'reactiveStreamsMongoClient' threw exception with message: Error creating bean with name 'standardMongoSettingsCustomizer' defined in class path resource [org/springframework/boot/autoconfigure/mongo/MongoReactiveAutoConfiguration$MongoClientSettingsConfiguration.class]: Failed to instantiate [org.springframework.boot.autoconfigure.mongo.StandardMongoClientSettingsBuilderCustomizer]: Factory method 'standardMongoSettingsCustomizer' threw exception with message: The connection string is invalid. Connection strings must start with either 'mongodb://' or 'mongodb+srv://
	at org.springframework.beans.factory.support.ConstructorResolver.instantiate(ConstructorResolver.java:657)
	at org.springframework.beans.factory.support.ConstructorResolver.instantiateUsingFactoryMethod(ConstructorResolver.java:645)
	at org.springframework.beans.factory.support.AbstractAutowireCapableBeanFactory.instantiateUsingFactoryMethod(AbstractAutowireCapableBeanFactory.java:1367)
	at org.springframework.beans.factory.support.AbstractAutowireCapableBeanFactory.createBeanInstance(AbstractAutowireCapableBeanFactory.java:1197)
	at org.springframework.beans.factory.support.AbstractAutowireCapableBeanFactory.doCreateBean(AbstractAutowireCapableBeanFactory.java:569)
	at org.springframework.beans.factory.support.AbstractAutowireCapableBeanFactory.createBean(AbstractAutowireCapableBeanFactory.java:529)
	at org.springframework.beans.factory.support.AbstractBeanFactory.lambda$doGetBean$0(AbstractBeanFactory.java:339)
	at org.springframework.beans.factory.support.DefaultSingletonBeanRegistry.getSingleton(DefaultSingletonBeanRegistry.java:371)
	at org.springframework.beans.factory.support.AbstractBeanFactory.doGetBean(AbstractBeanFactory.java:337)
	at org.springframework.beans.factory.support.AbstractBeanFactory.getBean(AbstractBeanFactory.java:202)
	at org.springframework.beans.factory.config.DependencyDescriptor.resolveCandidate(DependencyDescriptor.java:254)
	at org.springframework.beans.factory.support.DefaultListableBeanFactory.doResolveDependency(DefaultListableBeanFactory.java:1739)
	at org.springframework.beans.factory.support.DefaultListableBeanFactory.resolveDependency(DefaultListableBeanFactory.java:1627)
	at org.springframework.beans.factory.support.ConstructorResolver.resolveAutowiredArgument(ConstructorResolver.java:913)
	at org.springframework.beans.factory.support.ConstructorResolver.createArgumentArray(ConstructorResolver.java:791)
	... 72 common frames omitted
Caused by: org.springframework.beans.BeanInstantiationException: Failed to instantiate [com.mongodb.reactivestreams.client.MongoClient]: Factory method 'reactiveStreamsMongoClient' threw exception with message: Error creating bean with name 'standardMongoSettingsCustomizer' defined in class path resource [org/springframework/boot/autoconfigure/mongo/MongoReactiveAutoConfiguration$MongoClientSettingsConfiguration.class]: Failed to instantiate [org.springframework.boot.autoconfigure.mongo.StandardMongoClientSettingsBuilderCustomizer]: Factory method 'standardMongoSettingsCustomizer' threw exception with message: The connection string is invalid. Connection strings must start with either 'mongodb://' or 'mongodb+srv://
	at org.springframework.beans.factory.support.SimpleInstantiationStrategy.lambda$instantiate$0(SimpleInstantiationStrategy.java:199)
	at org.springframework.beans.factory.support.SimpleInstantiationStrategy.instantiateWithFactoryMethod(SimpleInstantiationStrategy.java:88)
	at org.springframework.beans.factory.support.SimpleInstantiationStrategy.instantiate(SimpleInstantiationStrategy.java:168)
	at org.springframework.beans.factory.support.ConstructorResolver.instantiate(ConstructorResolver.java:653)
	... 86 common frames omitted
Caused by: org.springframework.beans.factory.BeanCreationException: Error creating bean with name 'standardMongoSettingsCustomizer' defined in class path resource [org/springframework/boot/autoconfigure/mongo/MongoReactiveAutoConfiguration$MongoClientSettingsConfiguration.class]: Failed to instantiate [org.springframework.boot.autoconfigure.mongo.StandardMongoClientSettingsBuilderCustomizer]: Factory method 'standardMongoSettingsCustomizer' threw exception with message: The connection string is invalid. Connection strings must start with either 'mongodb://' or 'mongodb+srv://
	at org.springframework.beans.factory.support.ConstructorResolver.instantiate(ConstructorResolver.java:657)
	at org.springframework.beans.factory.support.ConstructorResolver.instantiateUsingFactoryMethod(ConstructorResolver.java:645)
	at org.springframework.beans.factory.support.AbstractAutowireCapableBeanFactory.instantiateUsingFactoryMethod(AbstractAutowireCapableBeanFactory.java:1367)
	at org.springframework.beans.factory.support.AbstractAutowireCapableBeanFactory.createBeanInstance(AbstractAutowireCapableBeanFactory.java:1197)
	at org.springframework.beans.factory.support.AbstractAutowireCapableBeanFactory.doCreateBean(AbstractAutowireCapableBeanFactory.java:569)
	at org.springframework.beans.factory.support.AbstractAutowireCapableBeanFactory.createBean(AbstractAutowireCapableBeanFactory.java:529)
	at org.springframework.beans.factory.support.AbstractBeanFactory.lambda$doGetBean$0(AbstractBeanFactory.java:339)
	at org.springframework.beans.factory.support.DefaultSingletonBeanRegistry.getSingleton(DefaultSingletonBeanRegistry.java:371)
	at org.springframework.beans.factory.support.AbstractBeanFactory.doGetBean(AbstractBeanFactory.java:337)
	at org.springframework.beans.factory.support.AbstractBeanFactory.getBean(AbstractBeanFactory.java:202)
	at org.springframework.beans.factory.config.DependencyDescriptor.resolveCandidate(DependencyDescriptor.java:254)
	at org.springframework.beans.factory.support.DefaultListableBeanFactory.addCandidateEntry(DefaultListableBeanFactory.java:1998)
	at org.springframework.beans.factory.support.DefaultListableBeanFactory.findAutowireCandidates(DefaultListableBeanFactory.java:1955)
	at org.springframework.beans.factory.support.DefaultListableBeanFactory.resolveMultipleBeans(DefaultListableBeanFactory.java:1772)
	at org.springframework.beans.factory.support.DefaultListableBeanFactory.doResolveDependency(DefaultListableBeanFactory.java:1688)
	at org.springframework.beans.factory.support.DefaultListableBeanFactory$DependencyObjectProvider.resolveStream(DefaultListableBeanFactory.java:2614)
	at org.springframework.beans.factory.support.DefaultListableBeanFactory$DependencyObjectProvider.orderedStream(DefaultListableBeanFactory.java:2608)
	at org.springframework.boot.autoconfigure.mongo.MongoReactiveAutoConfiguration.reactiveStreamsMongoClient(MongoReactiveAutoConfiguration.java:65)
	at java.base/jdk.internal.reflect.DirectMethodHandleAccessor.invoke(DirectMethodHandleAccessor.java:103)
	at java.base/java.lang.reflect.Method.invoke(Method.java:580)
	at org.springframework.beans.factory.support.SimpleInstantiationStrategy.lambda$instantiate$0(SimpleInstantiationStrategy.java:171)
	... 89 common frames omitted
Caused by: org.springframework.beans.BeanInstantiationException: Failed to instantiate [org.springframework.boot.autoconfigure.mongo.StandardMongoClientSettingsBuilderCustomizer]: Factory method 'standardMongoSettingsCustomizer' threw exception with message: The connection string is invalid. Connection strings must start with either 'mongodb://' or 'mongodb+srv://
	at org.springframework.beans.factory.support.SimpleInstantiationStrategy.lambda$instantiate$0(SimpleInstantiationStrategy.java:199)
	at org.springframework.beans.factory.support.SimpleInstantiationStrategy.instantiateWithFactoryMethod(SimpleInstantiationStrategy.java:88)
	at org.springframework.beans.factory.support.SimpleInstantiationStrategy.instantiate(SimpleInstantiationStrategy.java:168)
	at org.springframework.beans.factory.support.ConstructorResolver.instantiate(ConstructorResolver.java:653)
	... 109 common frames omitted
Caused by: java.lang.IllegalArgumentException: The connection string is invalid. Connection strings must start with either 'mongodb://' or 'mongodb+srv://
	at com.mongodb.ConnectionString.<init>(ConnectionString.java:362)
	at com.mongodb.ConnectionString.<init>(ConnectionString.java:343)
	at org.springframework.boot.autoconfigure.mongo.PropertiesMongoConnectionDetails.getConnectionString(PropertiesMongoConnectionDetails.java:49)
	at org.springframework.boot.autoconfigure.mongo.MongoReactiveAutoConfiguration$MongoClientSettingsConfiguration.standardMongoSettingsCustomizer(MongoReactiveAutoConfiguration.java:81)
	at java.base/jdk.internal.reflect.DirectMethodHandleAccessor.invoke(DirectMethodHandleAccessor.java:103)
	at java.base/java.lang.reflect.Method.invoke(Method.java:580)
	at org.springframework.beans.factory.support.SimpleInstantiationStrategy.lambda$instantiate$0(SimpleInstantiationStrategy.java:171)
	... 112 common frames omitted
2025-05-18 00:29:24.955 [background-preinit] INFO  o.h.validator.internal.util.Version - HV000001: Hibernate Validator 8.0.2.Final
2025-05-18 00:29:25.013 [main] INFO  c.f.FranquiciasApiApplication - Starting FranquiciasApiApplication using Java 21.0.7 with PID 28568 (C:\Repos2\franquicias-api\target\classes started by pipea in C:\Repos2\franquicias-api)
2025-05-18 00:29:25.014 [main] DEBUG c.f.FranquiciasApiApplication - Running with Spring Boot v3.4.5, Spring v6.2.6
2025-05-18 00:29:25.015 [main] INFO  c.f.FranquiciasApiApplication - No active profile set, falling back to 1 default profile: "default"
2025-05-18 00:29:25.434 [main] INFO  o.s.d.r.c.RepositoryConfigurationDelegate - Bootstrapping Spring Data Reactive MongoDB repositories in DEFAULT mode.
2025-05-18 00:29:25.526 [main] INFO  o.s.d.r.c.RepositoryConfigurationDelegate - Finished Spring Data repository scanning in 87 ms. Found 1 Reactive MongoDB repository interface.
2025-05-18 00:29:26.438 [main] INFO  org.mongodb.driver.client - MongoClient with metadata {"driver": {"name": "mongo-java-driver|reactive-streams|spring-boot", "version": "5.2.1"}, "os": {"type": "Windows", "name": "Windows 11", "architecture": "amd64", "version": "10.0"}, "platform": "Java/Microsoft/21.0.7+6-LTS"} created with settings MongoClientSettings{readPreference=primary, writeConcern=WriteConcern{w=majority, wTimeout=null ms, journal=null}, retryWrites=true, retryReads=true, readConcern=ReadConcern{level=null}, credential=MongoCredential{mechanism=null, userName='pipear07', source='admin', password=<hidden>, mechanismProperties=<hidden>}, transportSettings=NettyTransportSettings{eventLoopGroup=io.netty.channel.nio.NioEventLoopGroup@78a8978a, socketChannelClass=null, allocator=null, sslContext=null}, commandListeners=[], codecRegistry=ProvidersCodecRegistry{codecProviders=[ValueCodecProvider{}, BsonValueCodecProvider{}, DBRefCodecProvider{}, DBObjectCodecProvider{}, DocumentCodecProvider{}, CollectionCodecProvider{}, IterableCodecProvider{}, MapCodecProvider{}, GeoJsonCodecProvider{}, GridFSFileCodecProvider{}, Jsr310CodecProvider{}, JsonObjectCodecProvider{}, BsonCodecProvider{}, EnumCodecProvider{}, com.mongodb.client.model.mql.ExpressionCodecProvider@f171912, com.mongodb.Jep395RecordCodecProvider@7d4d8579, com.mongodb.KotlinCodecProvider@159424e2]}, loggerSettings=LoggerSettings{maxDocumentLength=1000}, clusterSettings={hosts=[127.0.0.1:27017], srvHost=franquicias-free.u8qacho.mongodb.net, srvServiceName=mongodb, mode=MULTIPLE, requiredClusterType=REPLICA_SET, requiredReplicaSetName='atlas-my6am5-shard-0', serverSelector='null', clusterListeners='[]', serverSelectionTimeout='30000 ms', localThreshold='15 ms'}, socketSettings=SocketSettings{connectTimeoutMS=10000, readTimeoutMS=0, receiveBufferSize=0, proxySettings=ProxySettings{host=null, port=null, username=null, password=null}}, heartbeatSocketSettings=SocketSettings{connectTimeoutMS=10000, readTimeoutMS=10000, receiveBufferSize=0, proxySettings=ProxySettings{host=null, port=null, username=null, password=null}}, connectionPoolSettings=ConnectionPoolSettings{maxSize=100, minSize=0, maxWaitTimeMS=120000, maxConnectionLifeTimeMS=0, maxConnectionIdleTimeMS=0, maintenanceInitialDelayMS=0, maintenanceFrequencyMS=60000, connectionPoolListeners=[], maxConnecting=2}, serverSettings=ServerSettings{heartbeatFrequencyMS=10000, minHeartbeatFrequencyMS=500, serverMonitoringMode=AUTO, serverListeners='[]', serverMonitorListeners='[]'}, sslSettings=SslSettings{enabled=true, invalidHostNameAllowed=false, context=null}, applicationName='null', compressorList=[], uuidRepresentation=JAVA_LEGACY, serverApi=null, autoEncryptionSettings=null, dnsClient=null, inetAddressResolver=null, contextProvider=null, timeoutMS=null}
2025-05-18 00:29:26.634 [cluster-ClusterId{value='6829703614bbeb3f26417dc1', description='null'}-srv-franquicias-free.u8qacho.mongodb.net] INFO  org.mongodb.driver.cluster - Adding discovered server ac-qqj1ut8-shard-00-02.u8qacho.mongodb.net:27017 to client view of cluster
2025-05-18 00:29:26.701 [cluster-ClusterId{value='6829703614bbeb3f26417dc1', description='null'}-srv-franquicias-free.u8qacho.mongodb.net] INFO  org.mongodb.driver.cluster - Adding discovered server ac-qqj1ut8-shard-00-01.u8qacho.mongodb.net:27017 to client view of cluster
2025-05-18 00:29:26.703 [cluster-ClusterId{value='6829703614bbeb3f26417dc1', description='null'}-srv-franquicias-free.u8qacho.mongodb.net] INFO  org.mongodb.driver.cluster - Adding discovered server ac-qqj1ut8-shard-00-00.u8qacho.mongodb.net:27017 to client view of cluster
2025-05-18 00:29:27.687 [cluster-ClusterId{value='6829703614bbeb3f26417dc1', description='null'}-ac-qqj1ut8-shard-00-02.u8qacho.mongodb.net:27017] INFO  org.mongodb.driver.cluster - Monitor thread successfully connected to server with description ServerDescription{address=ac-qqj1ut8-shard-00-02.u8qacho.mongodb.net:27017, type=REPLICA_SET_PRIMARY, cryptd=false, state=CONNECTED, ok=true, minWireVersion=0, maxWireVersion=25, maxDocumentSize=16777216, logicalSessionTimeoutMinutes=30, roundTripTimeNanos=341581200, minRoundTripTimeNanos=0, setName='atlas-my6am5-shard-0', canonicalAddress=ac-qqj1ut8-shard-00-02.u8qacho.mongodb.net:27017, hosts=[ac-qqj1ut8-shard-00-02.u8qacho.mongodb.net:27017, ac-qqj1ut8-shard-00-00.u8qacho.mongodb.net:27017, ac-qqj1ut8-shard-00-01.u8qacho.mongodb.net:27017], passives=[], arbiters=[], primary='ac-qqj1ut8-shard-00-02.u8qacho.mongodb.net:27017', tagSet=TagSet{[Tag{name='availabilityZone', value='use1-az5'}, Tag{name='diskState', value='READY'}, Tag{name='nodeType', value='ELECTABLE'}, Tag{name='provider', value='AWS'}, Tag{name='region', value='US_EAST_1'}, Tag{name='workloadType', value='OPERATIONAL'}]}, electionId=7fffffff0000000000000029, setVersion=1, topologyVersion=TopologyVersion{processId=682253b5850b6a30de4ce596, counter=6}, lastWriteDate=Sun May 18 00:29:28 COT 2025, lastUpdateTimeNanos=112941049342800}
2025-05-18 00:29:27.687 [cluster-ClusterId{value='6829703614bbeb3f26417dc1', description='null'}-ac-qqj1ut8-shard-00-01.u8qacho.mongodb.net:27017] INFO  org.mongodb.driver.cluster - Monitor thread successfully connected to server with description ServerDescription{address=ac-qqj1ut8-shard-00-01.u8qacho.mongodb.net:27017, type=REPLICA_SET_SECONDARY, cryptd=false, state=CONNECTED, ok=true, minWireVersion=0, maxWireVersion=25, maxDocumentSize=16777216, logicalSessionTimeoutMinutes=30, roundTripTimeNanos=341599200, minRoundTripTimeNanos=0, setName='atlas-my6am5-shard-0', canonicalAddress=ac-qqj1ut8-shard-00-01.u8qacho.mongodb.net:27017, hosts=[ac-qqj1ut8-shard-00-02.u8qacho.mongodb.net:27017, ac-qqj1ut8-shard-00-00.u8qacho.mongodb.net:27017, ac-qqj1ut8-shard-00-01.u8qacho.mongodb.net:27017], passives=[], arbiters=[], primary='ac-qqj1ut8-shard-00-02.u8qacho.mongodb.net:27017', tagSet=TagSet{[Tag{name='availabilityZone', value='use1-az4'}, Tag{name='diskState', value='READY'}, Tag{name='nodeType', value='ELECTABLE'}, Tag{name='provider', value='AWS'}, Tag{name='region', value='US_EAST_1'}, Tag{name='workloadType', value='OPERATIONAL'}]}, electionId=null, setVersion=1, topologyVersion=TopologyVersion{processId=682253ec240f2d0799c9ff69, counter=3}, lastWriteDate=Sun May 18 00:29:28 COT 2025, lastUpdateTimeNanos=112941049353900}
2025-05-18 00:29:27.690 [cluster-ClusterId{value='6829703614bbeb3f26417dc1', description='null'}-ac-qqj1ut8-shard-00-00.u8qacho.mongodb.net:27017] INFO  org.mongodb.driver.cluster - Monitor thread successfully connected to server with description ServerDescription{address=ac-qqj1ut8-shard-00-00.u8qacho.mongodb.net:27017, type=REPLICA_SET_SECONDARY, cryptd=false, state=CONNECTED, ok=true, minWireVersion=0, maxWireVersion=25, maxDocumentSize=16777216, logicalSessionTimeoutMinutes=30, roundTripTimeNanos=340245000, minRoundTripTimeNanos=0, setName='atlas-my6am5-shard-0', canonicalAddress=ac-qqj1ut8-shard-00-00.u8qacho.mongodb.net:27017, hosts=[ac-qqj1ut8-shard-00-02.u8qacho.mongodb.net:27017, ac-qqj1ut8-shard-00-00.u8qacho.mongodb.net:27017, ac-qqj1ut8-shard-00-01.u8qacho.mongodb.net:27017], passives=[], arbiters=[], primary='ac-qqj1ut8-shard-00-02.u8qacho.mongodb.net:27017', tagSet=TagSet{[Tag{name='availabilityZone', value='use1-az6'}, Tag{name='diskState', value='READY'}, Tag{name='nodeType', value='ELECTABLE'}, Tag{name='provider', value='AWS'}, Tag{name='region', value='US_EAST_1'}, Tag{name='workloadType', value='OPERATIONAL'}]}, electionId=null, setVersion=1, topologyVersion=TopologyVersion{processId=6822537c8e77112d6c990264, counter=4}, lastWriteDate=Sun May 18 00:29:28 COT 2025, lastUpdateTimeNanos=112941049376300}
2025-05-18 00:29:27.690 [cluster-ClusterId{value='6829703614bbeb3f26417dc1', description='null'}-ac-qqj1ut8-shard-00-02.u8qacho.mongodb.net:27017] INFO  org.mongodb.driver.cluster - Discovered replica set primary ac-qqj1ut8-shard-00-02.u8qacho.mongodb.net:27017 with max election id 7fffffff0000000000000029 and max set version 1
2025-05-18 00:29:29.791 [main] WARN  o.s.b.w.r.c.AnnotationConfigReactiveWebServerApplicationContext - Exception encountered during context initialization - cancelling refresh attempt: org.springframework.context.ApplicationContextException: Failed to start bean 'webServerStartStop'
2025-05-18 00:29:31.910 [main] INFO  o.s.b.a.l.ConditionEvaluationReportLogger - 

Error starting ApplicationContext. To display the condition evaluation report re-run your application with 'debug' enabled.
2025-05-18 00:29:31.924 [main] ERROR o.s.b.d.LoggingFailureAnalysisReporter - 

***************************
APPLICATION FAILED TO START
***************************

Description:

Web server failed to start. Port 8080 was already in use.

Action:

Identify and stop the process that's listening on port 8080 or configure this application to listen on another port.

2025-05-18 00:30:29.919 [background-preinit] INFO  o.h.validator.internal.util.Version - HV000001: Hibernate Validator 8.0.2.Final
2025-05-18 00:30:29.968 [main] INFO  c.f.FranquiciasApiApplication - Starting FranquiciasApiApplication using Java 21.0.7 with PID 26032 (C:\Repos2\franquicias-api\target\classes started by pipea in C:\Repos2\franquicias-api)
2025-05-18 00:30:29.969 [main] DEBUG c.f.FranquiciasApiApplication - Running with Spring Boot v3.4.5, Spring v6.2.6
2025-05-18 00:30:29.969 [main] INFO  c.f.FranquiciasApiApplication - No active profile set, falling back to 1 default profile: "default"
2025-05-18 00:30:30.376 [main] INFO  o.s.d.r.c.RepositoryConfigurationDelegate - Bootstrapping Spring Data Reactive MongoDB repositories in DEFAULT mode.
2025-05-18 00:30:30.462 [main] INFO  o.s.d.r.c.RepositoryConfigurationDelegate - Finished Spring Data repository scanning in 81 ms. Found 1 Reactive MongoDB repository interface.
2025-05-18 00:30:31.060 [cluster-ClusterId{value='682970778f89de701060804a', description='null'}-srv-franquicias-free.u8qacho.mongodb.net] INFO  org.mongodb.driver.cluster - Adding discovered server ac-qqj1ut8-shard-00-02.u8qacho.mongodb.net:27017 to client view of cluster
2025-05-18 00:30:31.065 [main] INFO  org.mongodb.driver.client - MongoClient with metadata {"driver": {"name": "mongo-java-driver|reactive-streams|spring-boot", "version": "5.2.1"}, "os": {"type": "Windows", "name": "Windows 11", "architecture": "amd64", "version": "10.0"}, "platform": "Java/Microsoft/21.0.7+6-LTS"} created with settings MongoClientSettings{readPreference=primary, writeConcern=WriteConcern{w=majority, wTimeout=null ms, journal=null}, retryWrites=true, retryReads=true, readConcern=ReadConcern{level=null}, credential=MongoCredential{mechanism=null, userName='pipear07', source='admin', password=<hidden>, mechanismProperties=<hidden>}, transportSettings=NettyTransportSettings{eventLoopGroup=io.netty.channel.nio.NioEventLoopGroup@157d3a45, socketChannelClass=null, allocator=null, sslContext=null}, commandListeners=[], codecRegistry=ProvidersCodecRegistry{codecProviders=[ValueCodecProvider{}, BsonValueCodecProvider{}, DBRefCodecProvider{}, DBObjectCodecProvider{}, DocumentCodecProvider{}, CollectionCodecProvider{}, IterableCodecProvider{}, MapCodecProvider{}, GeoJsonCodecProvider{}, GridFSFileCodecProvider{}, Jsr310CodecProvider{}, JsonObjectCodecProvider{}, BsonCodecProvider{}, EnumCodecProvider{}, com.mongodb.client.model.mql.ExpressionCodecProvider@750ed637, com.mongodb.Jep395RecordCodecProvider@5190010f, com.mongodb.KotlinCodecProvider@673e76b3]}, loggerSettings=LoggerSettings{maxDocumentLength=1000}, clusterSettings={hosts=[127.0.0.1:27017], srvHost=franquicias-free.u8qacho.mongodb.net, srvServiceName=mongodb, mode=MULTIPLE, requiredClusterType=REPLICA_SET, requiredReplicaSetName='atlas-my6am5-shard-0', serverSelector='null', clusterListeners='[]', serverSelectionTimeout='30000 ms', localThreshold='15 ms'}, socketSettings=SocketSettings{connectTimeoutMS=10000, readTimeoutMS=0, receiveBufferSize=0, proxySettings=ProxySettings{host=null, port=null, username=null, password=null}}, heartbeatSocketSettings=SocketSettings{connectTimeoutMS=10000, readTimeoutMS=10000, receiveBufferSize=0, proxySettings=ProxySettings{host=null, port=null, username=null, password=null}}, connectionPoolSettings=ConnectionPoolSettings{maxSize=100, minSize=0, maxWaitTimeMS=120000, maxConnectionLifeTimeMS=0, maxConnectionIdleTimeMS=0, maintenanceInitialDelayMS=0, maintenanceFrequencyMS=60000, connectionPoolListeners=[], maxConnecting=2}, serverSettings=ServerSettings{heartbeatFrequencyMS=10000, minHeartbeatFrequencyMS=500, serverMonitoringMode=AUTO, serverListeners='[]', serverMonitorListeners='[]'}, sslSettings=SslSettings{enabled=true, invalidHostNameAllowed=false, context=null}, applicationName='null', compressorList=[], uuidRepresentation=JAVA_LEGACY, serverApi=null, autoEncryptionSettings=null, dnsClient=null, inetAddressResolver=null, contextProvider=null, timeoutMS=null}
2025-05-18 00:30:31.088 [cluster-ClusterId{value='682970778f89de701060804a', description='null'}-srv-franquicias-free.u8qacho.mongodb.net] INFO  org.mongodb.driver.cluster - Adding discovered server ac-qqj1ut8-shard-00-01.u8qacho.mongodb.net:27017 to client view of cluster
2025-05-18 00:30:31.091 [cluster-ClusterId{value='682970778f89de701060804a', description='null'}-srv-franquicias-free.u8qacho.mongodb.net] INFO  org.mongodb.driver.cluster - Adding discovered server ac-qqj1ut8-shard-00-00.u8qacho.mongodb.net:27017 to client view of cluster
2025-05-18 00:30:31.633 [main] INFO  o.s.b.w.e.netty.NettyWebServer - Netty started on port 8080 (http)
2025-05-18 00:30:31.649 [main] INFO  c.f.FranquiciasApiApplication - Started FranquiciasApiApplication in 1.9 seconds (process running for 2.283)
2025-05-18 00:30:32.014 [cluster-ClusterId{value='682970778f89de701060804a', description='null'}-ac-qqj1ut8-shard-00-01.u8qacho.mongodb.net:27017] INFO  org.mongodb.driver.cluster - Monitor thread successfully connected to server with description ServerDescription{address=ac-qqj1ut8-shard-00-01.u8qacho.mongodb.net:27017, type=REPLICA_SET_SECONDARY, cryptd=false, state=CONNECTED, ok=true, minWireVersion=0, maxWireVersion=25, maxDocumentSize=16777216, logicalSessionTimeoutMinutes=30, roundTripTimeNanos=321448100, minRoundTripTimeNanos=0, setName='atlas-my6am5-shard-0', canonicalAddress=ac-qqj1ut8-shard-00-01.u8qacho.mongodb.net:27017, hosts=[ac-qqj1ut8-shard-00-02.u8qacho.mongodb.net:27017, ac-qqj1ut8-shard-00-00.u8qacho.mongodb.net:27017, ac-qqj1ut8-shard-00-01.u8qacho.mongodb.net:27017], passives=[], arbiters=[], primary='ac-qqj1ut8-shard-00-02.u8qacho.mongodb.net:27017', tagSet=TagSet{[Tag{name='availabilityZone', value='use1-az4'}, Tag{name='diskState', value='READY'}, Tag{name='nodeType', value='ELECTABLE'}, Tag{name='provider', value='AWS'}, Tag{name='region', value='US_EAST_1'}, Tag{name='workloadType', value='OPERATIONAL'}]}, electionId=null, setVersion=1, topologyVersion=TopologyVersion{processId=682253ec240f2d0799c9ff69, counter=3}, lastWriteDate=Sun May 18 00:30:32 COT 2025, lastUpdateTimeNanos=113005366439400}
2025-05-18 00:30:32.014 [cluster-ClusterId{value='682970778f89de701060804a', description='null'}-ac-qqj1ut8-shard-00-00.u8qacho.mongodb.net:27017] INFO  org.mongodb.driver.cluster - Monitor thread successfully connected to server with description ServerDescription{address=ac-qqj1ut8-shard-00-00.u8qacho.mongodb.net:27017, type=REPLICA_SET_SECONDARY, cryptd=false, state=CONNECTED, ok=true, minWireVersion=0, maxWireVersion=25, maxDocumentSize=16777216, logicalSessionTimeoutMinutes=30, roundTripTimeNanos=318885900, minRoundTripTimeNanos=0, setName='atlas-my6am5-shard-0', canonicalAddress=ac-qqj1ut8-shard-00-00.u8qacho.mongodb.net:27017, hosts=[ac-qqj1ut8-shard-00-02.u8qacho.mongodb.net:27017, ac-qqj1ut8-shard-00-00.u8qacho.mongodb.net:27017, ac-qqj1ut8-shard-00-01.u8qacho.mongodb.net:27017], passives=[], arbiters=[], primary='ac-qqj1ut8-shard-00-02.u8qacho.mongodb.net:27017', tagSet=TagSet{[Tag{name='availabilityZone', value='use1-az6'}, Tag{name='diskState', value='READY'}, Tag{name='nodeType', value='ELECTABLE'}, Tag{name='provider', value='AWS'}, Tag{name='region', value='US_EAST_1'}, Tag{name='workloadType', value='OPERATIONAL'}]}, electionId=null, setVersion=1, topologyVersion=TopologyVersion{processId=6822537c8e77112d6c990264, counter=4}, lastWriteDate=Sun May 18 00:30:32 COT 2025, lastUpdateTimeNanos=113005365964200}
2025-05-18 00:30:32.014 [cluster-ClusterId{value='682970778f89de701060804a', description='null'}-ac-qqj1ut8-shard-00-02.u8qacho.mongodb.net:27017] INFO  org.mongodb.driver.cluster - Monitor thread successfully connected to server with description ServerDescription{address=ac-qqj1ut8-shard-00-02.u8qacho.mongodb.net:27017, type=REPLICA_SET_PRIMARY, cryptd=false, state=CONNECTED, ok=true, minWireVersion=0, maxWireVersion=25, maxDocumentSize=16777216, logicalSessionTimeoutMinutes=30, roundTripTimeNanos=318507700, minRoundTripTimeNanos=0, setName='atlas-my6am5-shard-0', canonicalAddress=ac-qqj1ut8-shard-00-02.u8qacho.mongodb.net:27017, hosts=[ac-qqj1ut8-shard-00-02.u8qacho.mongodb.net:27017, ac-qqj1ut8-shard-00-00.u8qacho.mongodb.net:27017, ac-qqj1ut8-shard-00-01.u8qacho.mongodb.net:27017], passives=[], arbiters=[], primary='ac-qqj1ut8-shard-00-02.u8qacho.mongodb.net:27017', tagSet=TagSet{[Tag{name='availabilityZone', value='use1-az5'}, Tag{name='diskState', value='READY'}, Tag{name='nodeType', value='ELECTABLE'}, Tag{name='provider', value='AWS'}, Tag{name='region', value='US_EAST_1'}, Tag{name='workloadType', value='OPERATIONAL'}]}, electionId=7fffffff0000000000000029, setVersion=1, topologyVersion=TopologyVersion{processId=682253b5850b6a30de4ce596, counter=6}, lastWriteDate=Sun May 18 00:30:32 COT 2025, lastUpdateTimeNanos=113005365590900}
2025-05-18 00:30:32.017 [cluster-ClusterId{value='682970778f89de701060804a', description='null'}-ac-qqj1ut8-shard-00-02.u8qacho.mongodb.net:27017] INFO  org.mongodb.driver.cluster - Discovered replica set primary ac-qqj1ut8-shard-00-02.u8qacho.mongodb.net:27017 with max election id 7fffffff0000000000000029 and max set version 1
2025-05-18 00:34:15.163 [reactor-http-nio-5] INFO  c.f.api.FranchiseController - Received GET /franchises
2025-05-18 00:34:15.164 [reactor-http-nio-5] DEBUG c.f.domain.service.FranchiseService - Retrieving all franchises
2025-05-18 00:34:16.349 [nioEventLoopGroup-3-7] ERROR o.s.b.a.w.r.e.AbstractErrorWebExceptionHandler - [7895aabe-2]  500 Server Error for HTTP GET "/franchises"
org.springframework.data.mongodb.UncategorizedMongoDbException: Command failed with error 8000 (AtlasError): 'user is not allowed to do action [find] on [franquicias.franchises]' on server ac-qqj1ut8-shard-00-02.u8qacho.mongodb.net:27017. The full response is {"ok": 0, "errmsg": "user is not allowed to do action [find] on [franquicias.franchises]", "code": 8000, "codeName": "AtlasError"}
	at org.springframework.data.mongodb.core.MongoExceptionTranslator.doTranslateException(MongoExceptionTranslator.java:151)
	Suppressed: reactor.core.publisher.FluxOnAssembly$OnAssemblyException: 
Error has been observed at the following site(s):
	*__checkpoint ⇢ Handler com.franquicias.api.FranchiseController#list() [DispatcherHandler]
	*__checkpoint ⇢ HTTP GET "/franchises" [ExceptionHandlingWebHandler]
Original Stack Trace:
		at org.springframework.data.mongodb.core.MongoExceptionTranslator.doTranslateException(MongoExceptionTranslator.java:151)
		at org.springframework.data.mongodb.core.MongoExceptionTranslator.translateExceptionIfPossible(MongoExceptionTranslator.java:74)
		at org.springframework.data.mongodb.core.ReactiveMongoTemplate.potentiallyConvertRuntimeException(ReactiveMongoTemplate.java:2773)
		at org.springframework.data.mongodb.core.ReactiveMongoTemplate.lambda$translateException$100(ReactiveMongoTemplate.java:2756)
		at reactor.core.publisher.Flux.lambda$onErrorMap$28(Flux.java:7318)
		at reactor.core.publisher.FluxOnErrorResume$ResumeSubscriber.onError(FluxOnErrorResume.java:94)
		at reactor.core.publisher.MonoFlatMapMany$FlatMapManyInner.onError(MonoFlatMapMany.java:256)
		at reactor.core.publisher.FluxMergeSequential$MergeSequentialMain.drain(FluxMergeSequential.java:359)
		at reactor.core.publisher.FluxMergeSequential$MergeSequentialMain.onError(FluxMergeSequential.java:249)
		at reactor.core.publisher.FluxCreate$BaseSink.error(FluxCreate.java:479)
		at reactor.core.publisher.FluxCreate$BufferAsyncSink.drain(FluxCreate.java:868)
		at reactor.core.publisher.FluxCreate$BufferAsyncSink.error(FluxCreate.java:813)
		at reactor.core.publisher.FluxCreate$SerializedFluxSink.drainLoop(FluxCreate.java:239)
		at reactor.core.publisher.FluxCreate$SerializedFluxSink.drain(FluxCreate.java:215)
		at reactor.core.publisher.FluxCreate$SerializedFluxSink.error(FluxCreate.java:191)
		at reactor.core.publisher.LambdaMonoSubscriber.doError(LambdaMonoSubscriber.java:155)
		at reactor.core.publisher.LambdaMonoSubscriber.onError(LambdaMonoSubscriber.java:150)
		at reactor.core.publisher.FluxContextWrite$ContextWriteSubscriber.onError(FluxContextWrite.java:121)
		at reactor.core.publisher.FluxMap$MapConditionalSubscriber.onError(FluxMap.java:265)
		at reactor.core.publisher.MonoNext$NextSubscriber.onError(MonoNext.java:93)
		at reactor.core.publisher.MonoNext$NextSubscriber.onError(MonoNext.java:93)
		at reactor.core.publisher.MonoFlatMap$FlatMapMain.secondError(MonoFlatMap.java:241)
		at reactor.core.publisher.MonoFlatMap$FlatMapInner.onError(MonoFlatMap.java:315)
		at reactor.core.publisher.MonoPeekTerminal$MonoTerminalPeekSubscriber.onError(MonoPeekTerminal.java:258)
		at reactor.core.publisher.MonoCreate$DefaultMonoSink.error(MonoCreate.java:205)
		at com.mongodb.reactivestreams.client.internal.MongoOperationPublisher.lambda$sinkToCallback$37(MongoOperationPublisher.java:586)
		at com.mongodb.reactivestreams.client.internal.OperationExecutorImpl.lambda$execute$1(OperationExecutorImpl.java:96)
		at com.mongodb.internal.async.ErrorHandlingResultCallback.onResult(ErrorHandlingResultCallback.java:47)
		at com.mongodb.internal.async.function.AsyncCallbackSupplier.lambda$whenComplete$1(AsyncCallbackSupplier.java:97)
		at com.mongodb.internal.async.function.RetryingAsyncCallbackSupplier$RetryingCallback.onResult(RetryingAsyncCallbackSupplier.java:121)
		at com.mongodb.internal.async.ErrorHandlingResultCallback.onResult(ErrorHandlingResultCallback.java:47)
		at com.mongodb.internal.async.function.AsyncCallbackSupplier.lambda$whenComplete$1(AsyncCallbackSupplier.java:97)
		at com.mongodb.internal.async.ErrorHandlingResultCallback.onResult(ErrorHandlingResultCallback.java:47)
		at com.mongodb.internal.async.function.AsyncCallbackSupplier.lambda$whenComplete$1(AsyncCallbackSupplier.java:97)
		at com.mongodb.internal.operation.FindOperation.lambda$exceptionTransformingCallback$6(FindOperation.java:343)
		at com.mongodb.internal.operation.AsyncOperationHelper.lambda$transformingReadCallback$21(AsyncOperationHelper.java:462)
		at com.mongodb.internal.async.ErrorHandlingResultCallback.onResult(ErrorHandlingResultCallback.java:47)
		at com.mongodb.internal.connection.DefaultServer$DefaultServerProtocolExecutor.lambda$executeAsync$0(DefaultServer.java:244)
		at com.mongodb.internal.async.ErrorHandlingResultCallback.onResult(ErrorHandlingResultCallback.java:47)
		at com.mongodb.internal.connection.CommandProtocolImpl.lambda$executeAsync$0(CommandProtocolImpl.java:77)
		at com.mongodb.internal.connection.UsageTrackingInternalConnection.lambda$sendAndReceiveAsync$1(UsageTrackingInternalConnection.java:139)
		at com.mongodb.internal.async.ErrorHandlingResultCallback.onResult(ErrorHandlingResultCallback.java:47)
		at com.mongodb.internal.async.AsyncSupplier.lambda$finish$0(AsyncSupplier.java:73)
		at com.mongodb.internal.async.SingleResultCallback.completeExceptionally(SingleResultCallback.java:71)
		at com.mongodb.internal.async.AsyncSupplier.lambda$onErrorIf$5(AsyncSupplier.java:144)
		at com.mongodb.internal.async.AsyncSupplier.lambda$finish$0(AsyncSupplier.java:73)
		at com.mongodb.internal.async.AsyncSupplier.lambda$finish$0(AsyncSupplier.java:73)
		at com.mongodb.internal.async.AsyncSupplier.lambda$finish$0(AsyncSupplier.java:73)
		at com.mongodb.internal.connection.InternalStreamConnection.lambda$sendCommandMessageAsync$9(InternalStreamConnection.java:630)
		at com.mongodb.internal.connection.InternalStreamConnection$MessageHeaderCallback$MessageCallback.onResult(InternalStreamConnection.java:946)
		at com.mongodb.internal.connection.InternalStreamConnection$MessageHeaderCallback$MessageCallback.onResult(InternalStreamConnection.java:909)
		at com.mongodb.internal.connection.InternalStreamConnection$2.completed(InternalStreamConnection.java:743)
		at com.mongodb.internal.connection.InternalStreamConnection$2.completed(InternalStreamConnection.java:740)
		at com.mongodb.internal.connection.netty.NettyStream.readAsync(NettyStream.java:334)
		at com.mongodb.internal.connection.netty.NettyStream.readAsync(NettyStream.java:278)
		at com.mongodb.internal.connection.InternalStreamConnection.readAsync(InternalStreamConnection.java:740)
		at com.mongodb.internal.connection.InternalStreamConnection.access$500(InternalStreamConnection.java:103)
		at com.mongodb.internal.connection.InternalStreamConnection$MessageHeaderCallback.onResult(InternalStreamConnection.java:898)
		at com.mongodb.internal.connection.InternalStreamConnection$MessageHeaderCallback.onResult(InternalStreamConnection.java:880)
		at com.mongodb.internal.connection.InternalStreamConnection$2.completed(InternalStreamConnection.java:743)
		at com.mongodb.internal.connection.InternalStreamConnection$2.completed(InternalStreamConnection.java:740)
		at com.mongodb.internal.connection.netty.NettyStream.readAsync(NettyStream.java:334)
		at com.mongodb.internal.connection.netty.NettyStream.handleReadResponse(NettyStream.java:361)
		at com.mongodb.internal.connection.netty.NettyStream.access$900(NettyStream.java:115)
		at com.mongodb.internal.connection.netty.NettyStream$InboundBufferHandler.channelRead0(NettyStream.java:437)
		at com.mongodb.internal.connection.netty.NettyStream$InboundBufferHandler.channelRead0(NettyStream.java:434)
		at io.netty.channel.SimpleChannelInboundHandler.channelRead(SimpleChannelInboundHandler.java:99)
		at io.netty.channel.AbstractChannelHandlerContext.invokeChannelRead(AbstractChannelHandlerContext.java:444)
		at io.netty.channel.AbstractChannelHandlerContext.invokeChannelRead(AbstractChannelHandlerContext.java:420)
		at io.netty.channel.AbstractChannelHandlerContext.fireChannelRead(AbstractChannelHandlerContext.java:412)
		at io.netty.handler.ssl.SslHandler.unwrap(SslHandler.java:1519)
		at io.netty.handler.ssl.SslHandler.decodeJdkCompatible(SslHandler.java:1377)
		at io.netty.handler.ssl.SslHandler.decode(SslHandler.java:1428)
		at io.netty.handler.codec.ByteToMessageDecoder.decodeRemovalReentryProtection(ByteToMessageDecoder.java:530)
		at io.netty.handler.codec.ByteToMessageDecoder.callDecode(ByteToMessageDecoder.java:469)
		at io.netty.handler.codec.ByteToMessageDecoder.channelRead(ByteToMessageDecoder.java:290)
		at io.netty.channel.AbstractChannelHandlerContext.invokeChannelRead(AbstractChannelHandlerContext.java:444)
		at io.netty.channel.AbstractChannelHandlerContext.invokeChannelRead(AbstractChannelHandlerContext.java:420)
		at io.netty.channel.AbstractChannelHandlerContext.fireChannelRead(AbstractChannelHandlerContext.java:412)
		at io.netty.channel.DefaultChannelPipeline$HeadContext.channelRead(DefaultChannelPipeline.java:1357)
		at io.netty.channel.AbstractChannelHandlerContext.invokeChannelRead(AbstractChannelHandlerContext.java:440)
		at io.netty.channel.AbstractChannelHandlerContext.invokeChannelRead(AbstractChannelHandlerContext.java:420)
		at io.netty.channel.DefaultChannelPipeline.fireChannelRead(DefaultChannelPipeline.java:868)
		at io.netty.channel.nio.AbstractNioByteChannel$NioByteUnsafe.read(AbstractNioByteChannel.java:166)
		at io.netty.channel.nio.NioEventLoop.processSelectedKey(NioEventLoop.java:796)
		at io.netty.channel.nio.NioEventLoop.processSelectedKeysOptimized(NioEventLoop.java:732)
		at io.netty.channel.nio.NioEventLoop.processSelectedKeys(NioEventLoop.java:658)
		at io.netty.channel.nio.NioEventLoop.run(NioEventLoop.java:562)
		at io.netty.util.concurrent.SingleThreadEventExecutor$4.run(SingleThreadEventExecutor.java:998)
		at io.netty.util.internal.ThreadExecutorMap$2.run(ThreadExecutorMap.java:74)
		at io.netty.util.concurrent.FastThreadLocalRunnable.run(FastThreadLocalRunnable.java:30)
		at java.base/java.lang.Thread.run(Thread.java:1583)
Caused by: com.mongodb.MongoQueryException: Command failed with error 8000 (AtlasError): 'user is not allowed to do action [find] on [franquicias.franchises]' on server ac-qqj1ut8-shard-00-02.u8qacho.mongodb.net:27017. The full response is {"ok": 0, "errmsg": "user is not allowed to do action [find] on [franquicias.franchises]", "code": 8000, "codeName": "AtlasError"}
	at com.mongodb.internal.operation.FindOperation.lambda$exceptionTransformingCallback$6(FindOperation.java:344)
	at com.mongodb.internal.operation.AsyncOperationHelper.lambda$transformingReadCallback$21(AsyncOperationHelper.java:462)
	at com.mongodb.internal.async.ErrorHandlingResultCallback.onResult(ErrorHandlingResultCallback.java:47)
	at com.mongodb.internal.connection.DefaultServer$DefaultServerProtocolExecutor.lambda$executeAsync$0(DefaultServer.java:244)
	at com.mongodb.internal.async.ErrorHandlingResultCallback.onResult(ErrorHandlingResultCallback.java:47)
	at com.mongodb.internal.connection.CommandProtocolImpl.lambda$executeAsync$0(CommandProtocolImpl.java:77)
	at com.mongodb.internal.connection.UsageTrackingInternalConnection.lambda$sendAndReceiveAsync$1(UsageTrackingInternalConnection.java:139)
	at com.mongodb.internal.async.ErrorHandlingResultCallback.onResult(ErrorHandlingResultCallback.java:47)
	at com.mongodb.internal.async.AsyncSupplier.lambda$finish$0(AsyncSupplier.java:73)
	at com.mongodb.internal.async.SingleResultCallback.completeExceptionally(SingleResultCallback.java:71)
	at com.mongodb.internal.async.AsyncSupplier.lambda$onErrorIf$5(AsyncSupplier.java:144)
	at com.mongodb.internal.async.AsyncSupplier.lambda$finish$0(AsyncSupplier.java:73)
	at com.mongodb.internal.async.AsyncSupplier.lambda$finish$0(AsyncSupplier.java:73)
	at com.mongodb.internal.async.AsyncSupplier.lambda$finish$0(AsyncSupplier.java:73)
	at com.mongodb.internal.connection.InternalStreamConnection.lambda$sendCommandMessageAsync$9(InternalStreamConnection.java:630)
	at com.mongodb.internal.connection.InternalStreamConnection$MessageHeaderCallback$MessageCallback.onResult(InternalStreamConnection.java:946)
	at com.mongodb.internal.connection.InternalStreamConnection$MessageHeaderCallback$MessageCallback.onResult(InternalStreamConnection.java:909)
	at com.mongodb.internal.connection.InternalStreamConnection$2.completed(InternalStreamConnection.java:743)
	at com.mongodb.internal.connection.InternalStreamConnection$2.completed(InternalStreamConnection.java:740)
	at com.mongodb.internal.connection.netty.NettyStream.readAsync(NettyStream.java:334)
	at com.mongodb.internal.connection.netty.NettyStream.readAsync(NettyStream.java:278)
	at com.mongodb.internal.connection.InternalStreamConnection.readAsync(InternalStreamConnection.java:740)
	at com.mongodb.internal.connection.InternalStreamConnection.access$500(InternalStreamConnection.java:103)
	at com.mongodb.internal.connection.InternalStreamConnection$MessageHeaderCallback.onResult(InternalStreamConnection.java:898)
	at com.mongodb.internal.connection.InternalStreamConnection$MessageHeaderCallback.onResult(InternalStreamConnection.java:880)
	at com.mongodb.internal.connection.InternalStreamConnection$2.completed(InternalStreamConnection.java:743)
	at com.mongodb.internal.connection.InternalStreamConnection$2.completed(InternalStreamConnection.java:740)
	at com.mongodb.internal.connection.netty.NettyStream.readAsync(NettyStream.java:334)
	at com.mongodb.internal.connection.netty.NettyStream.handleReadResponse(NettyStream.java:361)
	at com.mongodb.internal.connection.netty.NettyStream.access$900(NettyStream.java:115)
	at com.mongodb.internal.connection.netty.NettyStream$InboundBufferHandler.channelRead0(NettyStream.java:437)
	at com.mongodb.internal.connection.netty.NettyStream$InboundBufferHandler.channelRead0(NettyStream.java:434)
	at io.netty.channel.SimpleChannelInboundHandler.channelRead(SimpleChannelInboundHandler.java:99)
	at io.netty.channel.AbstractChannelHandlerContext.invokeChannelRead(AbstractChannelHandlerContext.java:444)
	at io.netty.channel.AbstractChannelHandlerContext.invokeChannelRead(AbstractChannelHandlerContext.java:420)
	at io.netty.channel.AbstractChannelHandlerContext.fireChannelRead(AbstractChannelHandlerContext.java:412)
	at io.netty.handler.ssl.SslHandler.unwrap(SslHandler.java:1519)
	at io.netty.handler.ssl.SslHandler.decodeJdkCompatible(SslHandler.java:1377)
	at io.netty.handler.ssl.SslHandler.decode(SslHandler.java:1428)
	at io.netty.handler.codec.ByteToMessageDecoder.decodeRemovalReentryProtection(ByteToMessageDecoder.java:530)
	at io.netty.handler.codec.ByteToMessageDecoder.callDecode(ByteToMessageDecoder.java:469)
	at io.netty.handler.codec.ByteToMessageDecoder.channelRead(ByteToMessageDecoder.java:290)
	at io.netty.channel.AbstractChannelHandlerContext.invokeChannelRead(AbstractChannelHandlerContext.java:444)
	at io.netty.channel.AbstractChannelHandlerContext.invokeChannelRead(AbstractChannelHandlerContext.java:420)
	at io.netty.channel.AbstractChannelHandlerContext.fireChannelRead(AbstractChannelHandlerContext.java:412)
	at io.netty.channel.DefaultChannelPipeline$HeadContext.channelRead(DefaultChannelPipeline.java:1357)
	at io.netty.channel.AbstractChannelHandlerContext.invokeChannelRead(AbstractChannelHandlerContext.java:440)
	at io.netty.channel.AbstractChannelHandlerContext.invokeChannelRead(AbstractChannelHandlerContext.java:420)
	at io.netty.channel.DefaultChannelPipeline.fireChannelRead(DefaultChannelPipeline.java:868)
	at io.netty.channel.nio.AbstractNioByteChannel$NioByteUnsafe.read(AbstractNioByteChannel.java:166)
	at io.netty.channel.nio.NioEventLoop.processSelectedKey(NioEventLoop.java:796)
	at io.netty.channel.nio.NioEventLoop.processSelectedKeysOptimized(NioEventLoop.java:732)
	at io.netty.channel.nio.NioEventLoop.processSelectedKeys(NioEventLoop.java:658)
	at io.netty.channel.nio.NioEventLoop.run(NioEventLoop.java:562)
	at io.netty.util.concurrent.SingleThreadEventExecutor$4.run(SingleThreadEventExecutor.java:998)
	at io.netty.util.internal.ThreadExecutorMap$2.run(ThreadExecutorMap.java:74)
	at io.netty.util.concurrent.FastThreadLocalRunnable.run(FastThreadLocalRunnable.java:30)
	at java.base/java.lang.Thread.run(Thread.java:1583)
2025-05-18 00:40:08.627 [SpringApplicationShutdownHook] INFO  o.s.b.w.e.netty.GracefulShutdown - Commencing graceful shutdown. Waiting for active requests to complete
2025-05-18 00:40:08.632 [netty-shutdown] INFO  o.s.b.w.e.netty.GracefulShutdown - Graceful shutdown complete
2025-05-18 00:41:36.739 [background-preinit] INFO  o.h.validator.internal.util.Version - HV000001: Hibernate Validator 8.0.2.Final
2025-05-18 00:41:36.841 [main] INFO  c.f.FranquiciasApiApplication - Starting FranquiciasApiApplication using Java 21.0.7 with PID 25976 (C:\Repos2\franquicias-api\target\classes started by pipea in C:\Repos2\franquicias-api)
2025-05-18 00:41:36.841 [main] DEBUG c.f.FranquiciasApiApplication - Running with Spring Boot v3.4.5, Spring v6.2.6
2025-05-18 00:41:36.842 [main] INFO  c.f.FranquiciasApiApplication - No active profile set, falling back to 1 default profile: "default"
2025-05-18 00:41:37.448 [main] INFO  o.s.d.r.c.RepositoryConfigurationDelegate - Bootstrapping Spring Data Reactive MongoDB repositories in DEFAULT mode.
2025-05-18 00:41:37.576 [main] INFO  o.s.d.r.c.RepositoryConfigurationDelegate - Finished Spring Data repository scanning in 123 ms. Found 1 Reactive MongoDB repository interface.
2025-05-18 00:41:38.447 [main] INFO  org.mongodb.driver.client - MongoClient with metadata {"driver": {"name": "mongo-java-driver|reactive-streams|spring-boot", "version": "5.2.1"}, "os": {"type": "Windows", "name": "Windows 11", "architecture": "amd64", "version": "10.0"}, "platform": "Java/Microsoft/21.0.7+6-LTS"} created with settings MongoClientSettings{readPreference=primary, writeConcern=WriteConcern{w=majority, wTimeout=null ms, journal=null}, retryWrites=true, retryReads=true, readConcern=ReadConcern{level=null}, credential=MongoCredential{mechanism=null, userName='pipear07', source='admin', password=<hidden>, mechanismProperties=<hidden>}, transportSettings=NettyTransportSettings{eventLoopGroup=io.netty.channel.nio.NioEventLoopGroup@f238e4f, socketChannelClass=null, allocator=null, sslContext=null}, commandListeners=[], codecRegistry=ProvidersCodecRegistry{codecProviders=[ValueCodecProvider{}, BsonValueCodecProvider{}, DBRefCodecProvider{}, DBObjectCodecProvider{}, DocumentCodecProvider{}, CollectionCodecProvider{}, IterableCodecProvider{}, MapCodecProvider{}, GeoJsonCodecProvider{}, GridFSFileCodecProvider{}, Jsr310CodecProvider{}, JsonObjectCodecProvider{}, BsonCodecProvider{}, EnumCodecProvider{}, com.mongodb.client.model.mql.ExpressionCodecProvider@3b24087d, com.mongodb.Jep395RecordCodecProvider@75fe1619, com.mongodb.KotlinCodecProvider@4e245739]}, loggerSettings=LoggerSettings{maxDocumentLength=1000}, clusterSettings={hosts=[127.0.0.1:27017], srvHost=franquicias-free.u8qacho.mongodb.net, srvServiceName=mongodb, mode=MULTIPLE, requiredClusterType=REPLICA_SET, requiredReplicaSetName='atlas-my6am5-shard-0', serverSelector='null', clusterListeners='[]', serverSelectionTimeout='30000 ms', localThreshold='15 ms'}, socketSettings=SocketSettings{connectTimeoutMS=10000, readTimeoutMS=0, receiveBufferSize=0, proxySettings=ProxySettings{host=null, port=null, username=null, password=null}}, heartbeatSocketSettings=SocketSettings{connectTimeoutMS=10000, readTimeoutMS=10000, receiveBufferSize=0, proxySettings=ProxySettings{host=null, port=null, username=null, password=null}}, connectionPoolSettings=ConnectionPoolSettings{maxSize=100, minSize=0, maxWaitTimeMS=120000, maxConnectionLifeTimeMS=0, maxConnectionIdleTimeMS=0, maintenanceInitialDelayMS=0, maintenanceFrequencyMS=60000, connectionPoolListeners=[], maxConnecting=2}, serverSettings=ServerSettings{heartbeatFrequencyMS=10000, minHeartbeatFrequencyMS=500, serverMonitoringMode=AUTO, serverListeners='[]', serverMonitorListeners='[]'}, sslSettings=SslSettings{enabled=true, invalidHostNameAllowed=false, context=null}, applicationName='null', compressorList=[], uuidRepresentation=JAVA_LEGACY, serverApi=null, autoEncryptionSettings=null, dnsClient=null, inetAddressResolver=null, contextProvider=null, timeoutMS=null}
2025-05-18 00:41:38.577 [cluster-ClusterId{value='68297312c3330e4d605d26db', description='null'}-srv-franquicias-free.u8qacho.mongodb.net] INFO  org.mongodb.driver.cluster - Adding discovered server ac-qqj1ut8-shard-00-02.u8qacho.mongodb.net:27017 to client view of cluster
2025-05-18 00:41:38.618 [cluster-ClusterId{value='68297312c3330e4d605d26db', description='null'}-srv-franquicias-free.u8qacho.mongodb.net] INFO  org.mongodb.driver.cluster - Adding discovered server ac-qqj1ut8-shard-00-01.u8qacho.mongodb.net:27017 to client view of cluster
2025-05-18 00:41:38.620 [cluster-ClusterId{value='68297312c3330e4d605d26db', description='null'}-srv-franquicias-free.u8qacho.mongodb.net] INFO  org.mongodb.driver.cluster - Adding discovered server ac-qqj1ut8-shard-00-00.u8qacho.mongodb.net:27017 to client view of cluster
2025-05-18 00:41:39.298 [main] INFO  o.s.b.w.e.netty.NettyWebServer - Netty started on port 8080 (http)
2025-05-18 00:41:39.317 [main] INFO  c.f.FranquiciasApiApplication - Started FranquiciasApiApplication in 2.832 seconds (process running for 3.293)
2025-05-18 00:41:39.561 [cluster-ClusterId{value='68297312c3330e4d605d26db', description='null'}-ac-qqj1ut8-shard-00-02.u8qacho.mongodb.net:27017] INFO  org.mongodb.driver.cluster - Monitor thread successfully connected to server with description ServerDescription{address=ac-qqj1ut8-shard-00-02.u8qacho.mongodb.net:27017, type=REPLICA_SET_PRIMARY, cryptd=false, state=CONNECTED, ok=true, minWireVersion=0, maxWireVersion=25, maxDocumentSize=16777216, logicalSessionTimeoutMinutes=30, roundTripTimeNanos=389968400, minRoundTripTimeNanos=0, setName='atlas-my6am5-shard-0', canonicalAddress=ac-qqj1ut8-shard-00-02.u8qacho.mongodb.net:27017, hosts=[ac-qqj1ut8-shard-00-02.u8qacho.mongodb.net:27017, ac-qqj1ut8-shard-00-00.u8qacho.mongodb.net:27017, ac-qqj1ut8-shard-00-01.u8qacho.mongodb.net:27017], passives=[], arbiters=[], primary='ac-qqj1ut8-shard-00-02.u8qacho.mongodb.net:27017', tagSet=TagSet{[Tag{name='availabilityZone', value='use1-az5'}, Tag{name='diskState', value='READY'}, Tag{name='nodeType', value='ELECTABLE'}, Tag{name='provider', value='AWS'}, Tag{name='region', value='US_EAST_1'}, Tag{name='workloadType', value='OPERATIONAL'}]}, electionId=7fffffff0000000000000029, setVersion=1, topologyVersion=TopologyVersion{processId=682253b5850b6a30de4ce596, counter=6}, lastWriteDate=Sun May 18 00:41:40 COT 2025, lastUpdateTimeNanos=113672920368500}
2025-05-18 00:41:39.562 [cluster-ClusterId{value='68297312c3330e4d605d26db', description='null'}-ac-qqj1ut8-shard-00-01.u8qacho.mongodb.net:27017] INFO  org.mongodb.driver.cluster - Monitor thread successfully connected to server with description ServerDescription{address=ac-qqj1ut8-shard-00-01.u8qacho.mongodb.net:27017, type=REPLICA_SET_SECONDARY, cryptd=false, state=CONNECTED, ok=true, minWireVersion=0, maxWireVersion=25, maxDocumentSize=16777216, logicalSessionTimeoutMinutes=30, roundTripTimeNanos=387151800, minRoundTripTimeNanos=0, setName='atlas-my6am5-shard-0', canonicalAddress=ac-qqj1ut8-shard-00-01.u8qacho.mongodb.net:27017, hosts=[ac-qqj1ut8-shard-00-02.u8qacho.mongodb.net:27017, ac-qqj1ut8-shard-00-00.u8qacho.mongodb.net:27017, ac-qqj1ut8-shard-00-01.u8qacho.mongodb.net:27017], passives=[], arbiters=[], primary='ac-qqj1ut8-shard-00-02.u8qacho.mongodb.net:27017', tagSet=TagSet{[Tag{name='availabilityZone', value='use1-az4'}, Tag{name='diskState', value='READY'}, Tag{name='nodeType', value='ELECTABLE'}, Tag{name='provider', value='AWS'}, Tag{name='region', value='US_EAST_1'}, Tag{name='workloadType', value='OPERATIONAL'}]}, electionId=null, setVersion=1, topologyVersion=TopologyVersion{processId=682253ec240f2d0799c9ff69, counter=3}, lastWriteDate=Sun May 18 00:41:40 COT 2025, lastUpdateTimeNanos=113672920364300}
2025-05-18 00:41:39.562 [cluster-ClusterId{value='68297312c3330e4d605d26db', description='null'}-ac-qqj1ut8-shard-00-00.u8qacho.mongodb.net:27017] INFO  org.mongodb.driver.cluster - Monitor thread successfully connected to server with description ServerDescription{address=ac-qqj1ut8-shard-00-00.u8qacho.mongodb.net:27017, type=REPLICA_SET_SECONDARY, cryptd=false, state=CONNECTED, ok=true, minWireVersion=0, maxWireVersion=25, maxDocumentSize=16777216, logicalSessionTimeoutMinutes=30, roundTripTimeNanos=390711800, minRoundTripTimeNanos=0, setName='atlas-my6am5-shard-0', canonicalAddress=ac-qqj1ut8-shard-00-00.u8qacho.mongodb.net:27017, hosts=[ac-qqj1ut8-shard-00-02.u8qacho.mongodb.net:27017, ac-qqj1ut8-shard-00-00.u8qacho.mongodb.net:27017, ac-qqj1ut8-shard-00-01.u8qacho.mongodb.net:27017], passives=[], arbiters=[], primary='ac-qqj1ut8-shard-00-02.u8qacho.mongodb.net:27017', tagSet=TagSet{[Tag{name='availabilityZone', value='use1-az6'}, Tag{name='diskState', value='READY'}, Tag{name='nodeType', value='ELECTABLE'}, Tag{name='provider', value='AWS'}, Tag{name='region', value='US_EAST_1'}, Tag{name='workloadType', value='OPERATIONAL'}]}, electionId=null, setVersion=1, topologyVersion=TopologyVersion{processId=6822537c8e77112d6c990264, counter=4}, lastWriteDate=Sun May 18 00:41:40 COT 2025, lastUpdateTimeNanos=113672920425900}
2025-05-18 00:41:39.564 [cluster-ClusterId{value='68297312c3330e4d605d26db', description='null'}-ac-qqj1ut8-shard-00-02.u8qacho.mongodb.net:27017] INFO  org.mongodb.driver.cluster - Discovered replica set primary ac-qqj1ut8-shard-00-02.u8qacho.mongodb.net:27017 with max election id 7fffffff0000000000000029 and max set version 1
2025-05-18 00:41:53.566 [reactor-http-nio-3] INFO  c.f.api.FranchiseController - Received GET /franchises
2025-05-18 00:41:53.566 [reactor-http-nio-3] DEBUG c.f.domain.service.FranchiseService - Retrieving all franchises
2025-05-18 00:41:54.177 [nioEventLoopGroup-3-7] DEBUG c.f.domain.service.FranchiseService - Completed retrieval of all franchises
2025-05-18 00:42:27.297 [reactor-http-nio-7] INFO  o.s.api.AbstractOpenApiResource - Init duration for springdoc-openapi is: 540 ms
2025-05-18 00:44:07.425 [reactor-http-nio-9] INFO  c.f.api.FranchiseController - Received POST /franchises with body Franchise(id=null, name=null, branches=null)
2025-05-18 00:44:07.425 [reactor-http-nio-9] DEBUG c.f.domain.service.FranchiseService - Saving franchise: null
2025-05-18 00:44:07.671 [nioEventLoopGroup-3-7] DEBUG c.f.domain.service.FranchiseService - Franchise saved with id=682973a7c3330e4d605d26dc
2025-05-18 00:44:07.673 [nioEventLoopGroup-3-7] INFO  c.f.api.FranchiseController - Created franchise 682973a7c3330e4d605d26dc
2025-05-18 00:44:20.292 [reactor-http-nio-9] INFO  c.f.api.FranchiseController - Received POST /franchises with body Franchise(id=1, name=Star Coffee, branches=[])
2025-05-18 00:44:20.292 [reactor-http-nio-9] DEBUG c.f.domain.service.FranchiseService - Saving franchise: Star Coffee
2025-05-18 00:44:20.398 [nioEventLoopGroup-3-7] DEBUG c.f.domain.service.FranchiseService - Franchise saved with id=1
2025-05-18 00:44:20.399 [nioEventLoopGroup-3-7] INFO  c.f.api.FranchiseController - Created franchise 1
2025-05-18 00:44:43.886 [reactor-http-nio-9] INFO  c.f.api.FranchiseController - Received POST /franchises/1/branches with body AddBranchRequest(id=b1, name=Centro)
2025-05-18 00:44:43.889 [reactor-http-nio-9] DEBUG c.f.domain.service.FranchiseService - Adding branch Centro to franchise 1
2025-05-18 00:44:43.992 [nioEventLoopGroup-3-7] DEBUG c.f.domain.service.FranchiseService - Branch Centro added to franchise 1
2025-05-18 00:44:44.077 [nioEventLoopGroup-3-7] INFO  c.f.api.FranchiseController - Added branch b1 to franchise 1
2025-05-18 00:45:45.333 [reactor-http-nio-11] INFO  c.f.api.FranchiseController - Received POST /franchises/1/branches/b1/products with body AddProductRequest(id=p1, name=Cappuccino, stock=50)
2025-05-18 00:45:45.340 [reactor-http-nio-11] DEBUG c.f.domain.service.FranchiseService - Adding product Cappuccino to branch b1 of franchise 1
2025-05-18 00:45:45.424 [nioEventLoopGroup-3-7] DEBUG c.f.domain.service.FranchiseService - Product Cappuccino added to branch b1
2025-05-18 00:45:45.511 [nioEventLoopGroup-3-7] INFO  c.f.api.FranchiseController - Added product p1 to branch b1 of franchise 1
2025-05-18 00:46:42.492 [reactor-http-nio-11] INFO  c.f.api.FranchiseController - Received PATCH /franchises/1/branches/b1/products/p1/stock with body UpdateStockRequest(stock=75)
2025-05-18 00:46:42.493 [reactor-http-nio-11] DEBUG c.f.domain.service.FranchiseService - Updating stock for product p1 in branch b1 of franchise 1 to 75
2025-05-18 00:46:42.574 [nioEventLoopGroup-3-7] DEBUG c.f.domain.service.FranchiseService - Stock for product p1 updated to 75
2025-05-18 00:46:42.669 [nioEventLoopGroup-3-7] INFO  c.f.api.FranchiseController - Updated stock for product p1 to 75
2025-05-18 00:46:54.608 [reactor-http-nio-11] INFO  c.f.api.FranchiseController - Received GET /franchises/1/top-stock
2025-05-18 00:46:54.608 [reactor-http-nio-11] DEBUG c.f.domain.service.FranchiseService - Getting top stock by branch for franchise 1
2025-05-18 00:46:54.696 [nioEventLoopGroup-3-7] DEBUG c.f.api.FranchiseController - Top stock for branch b1: p1
2025-05-18 00:48:19.539 [reactor-http-nio-1] INFO  c.f.api.FranchiseController - Received PATCH /franchises/1 with rename body RenameRequest(name=Star Coffee Reloaded)
2025-05-18 00:48:19.541 [reactor-http-nio-1] DEBUG c.f.domain.service.FranchiseService - Renaming franchise 1 to Star Coffee Reloaded
2025-05-18 00:48:19.701 [nioEventLoopGroup-3-7] INFO  c.f.api.FranchiseController - Renamed franchise 1 to Star Coffee Reloaded
2025-05-18 00:48:47.664 [reactor-http-nio-1] INFO  c.f.api.FranchiseController - Received PATCH /franchises/1/branches/b1 with rename body RenameRequest(name=Sucursal Centro Actualizada)
2025-05-18 00:48:47.664 [reactor-http-nio-1] DEBUG c.f.domain.service.FranchiseService - Renaming branch b1 in franchise 1 to Sucursal Centro Actualizada
2025-05-18 00:48:47.831 [nioEventLoopGroup-3-7] INFO  c.f.api.FranchiseController - Renamed branch b1 in franchise 1 to Sucursal Centro Actualizada
2025-05-18 00:49:12.137 [reactor-http-nio-1] INFO  c.f.api.FranchiseController - Received PATCH /franchises/1/branches/b1/products/p1 with rename body RenameRequest(name=Café Americano)
2025-05-18 00:49:12.137 [reactor-http-nio-1] DEBUG c.f.domain.service.FranchiseService - Renaming product p1 in branch b1 of franchise 1 to Café Americano
2025-05-18 00:49:12.296 [nioEventLoopGroup-3-7] INFO  c.f.api.FranchiseController - Renamed product p1 in branch b1 of franchise 1 to Café Americano
